// Jest Snapshot v1, https://goo.gl/fbAQLP

exports[`snapshot renders correctly 1`] = `
<View
  style={
    Array [
      Object {
        "alignItems": "center",
        "borderBottomWidth": 1,
        "borderTopWidth": 1,
        "minWidth": 90,
        "padding": 4,
        "paddingHorizontal": 16,
      },
      Object {
        "backgroundColor": "gainsboro",
      },
      undefined,
    ]
  }
>
  <View
    accessible={true}
    focusable={true}
    onClick={[Function]}
    onResponderGrant={[Function]}
    onResponderMove={[Function]}
    onResponderRelease={[Function]}
    onResponderTerminate={[Function]}
    onResponderTerminationRequest={[Function]}
    onStartShouldSetResponder={[Function]}
    style={
      Object {
        "opacity": 1,
      }
    }
  >
    <Text
      style={
        Array [
          Object {
            "fontSize": 17,
            "fontWeight": "500",
          },
          Object {
            "fontWeight": "bold",
          },
        ]
      }
    >
      closed
    </Text>
  </View>
</View>
`;
